960 generations to run (0 already present)
[1/3] loaded v2 in 1s (320 gens)
  v2/budget1200 10/320
  v2/budget1200 20/320
  v2/budget1200 30/320
  v2/budget1200 40/320
  v2/budget1200 50/320
  v2/budget1200 60/320
  v2/reppen105 70/320
  v2/reppen105 80/320
  v2/reppen105 90/320
  v2/reppen105 100/320
  v2/reppen105 110/320
  v2/reppen105 120/320
  v2/reppen1200 130/320
  v2/reppen1200 140/320
  v2/reppen1200 150/320
  v2/reppen1200 160/320
  v2/reppen1200 170/320
  v2/reppen1200 180/320
  v2/reppen1200 190/320
  v2/temp01_norep 200/320
  v2/temp01_norep 210/320
  v2/temp01_norep 220/320
  v2/temp01_norep 230/320
  v2/temp01_norep 240/320
  v2/temp01_norep 250/320
  v2/temp01 260/320
  v2/temp01 270/320
  v2/temp01 280/320
  v2/temp01 290/320
  v2/temp01 300/320
  v2/temp01 310/320
  v2/temp01 320/320
[2/3] loaded corrected-v3 in 1s (320 gens)
  corrected-v3/budget1200 10/320
  corrected-v3/budget1200 20/320
  corrected-v3/budget1200 30/320
  corrected-v3/budget1200 40/320
  corrected-v3/budget1200 50/320
  corrected-v3/budget1200 60/320
  corrected-v3/reppen105 70/320
  corrected-v3/reppen105 80/320
  corrected-v3/reppen105 90/320
  corrected-v3/reppen105 100/320
  corrected-v3/reppen105 110/320
  corrected-v3/reppen105 120/320
  corrected-v3/reppen1200 130/320
  corrected-v3/reppen1200 140/320
  corrected-v3/reppen1200 150/320
  corrected-v3/reppen1200 160/320
  corrected-v3/reppen1200 170/320
  corrected-v3/reppen1200 180/320
  corrected-v3/reppen1200 190/320
  corrected-v3/temp01_norep 200/320
  corrected-v3/temp01_norep 210/320
  corrected-v3/temp01_norep 220/320
  corrected-v3/temp01_norep 230/320
  corrected-v3/temp01_norep 240/320
  corrected-v3/temp01_norep 250/320
  corrected-v3/temp01 260/320
  corrected-v3/temp01 270/320
  corrected-v3/temp01 280/320
  corrected-v3/temp01 290/320
  corrected-v3/temp01 300/320
  corrected-v3/temp01 310/320
  corrected-v3/temp01 320/320
[3/3] loaded v3-2 in 2s (320 gens)
  v3-2/budget1200 10/320
  v3-2/budget1200 20/320
  v3-2/budget1200 30/320
  v3-2/budget1200 40/320
  v3-2/budget1200 50/320
  v3-2/budget1200 60/320
  v3-2/reppen105 70/320
  v3-2/reppen105 80/320
  v3-2/reppen105 90/320
  v3-2/reppen105 100/320
  v3-2/reppen105 110/320
  v3-2/reppen105 120/320
  v3-2/reppen1200 130/320
  v3-2/reppen1200 140/320
  v3-2/reppen1200 150/320
  v3-2/reppen1200 160/320
  v3-2/reppen1200 170/320
  v3-2/reppen1200 180/320
  v3-2/reppen1200 190/320
  v3-2/temp01_norep 200/320
  v3-2/temp01_norep 210/320
  v3-2/temp01_norep 220/320
  v3-2/temp01_norep 230/320
  v3-2/temp01_norep 240/320
  v3-2/temp01_norep 250/320
  v3-2/temp01 260/320
  v3-2/temp01 270/320
  v3-2/temp01 280/320
  v3-2/temp01 290/320
  v3-2/temp01 300/320
  v3-2/temp01 310/320
  v3-2/temp01 320/320
done
